{smcl}
{com}{sf}{ul off}{txt}{.-}
      name:  {res}<unnamed>
       {txt}log:  {res}X:\OneDrive - The University of the West Indies\repo_trainingch\week02_CH.smcl
  {txt}log type:  {res}smcl
 {txt}opened on:  {res} 2 Oct 2018, 14:34:30
{txt}
{com}. 
. ** -----------------------------------------------------------------------------
. ** INSTRUCTIONS
. ** 1. Data preparation
. ** -----------------------------------------------------------------------------
. ** JOIN ALL DATASETS TOGETHER IN A SINGLE JCS DATASET
. ** Look at all the datasets separately to see how they are structured in order to merge
. ** static1
. use "`datapath'\dataset03_static1.dta", clear
{txt}(Sickle Cell Disease: Participant Information - File 1)

{com}. distinct pid  // there are 56 participants, 1 row per participant

{res}{col 1}{text}{hline 5}{c TT}{hline 11}{hline 11}
{col 1}{text}    {col 6}{c |}     total{col 18}  distinct
{res}{col 1}{text}{hline 5}{c +}{hline 11}{hline 11}
{col 1}{text} pid{col 6}{c |}{result}        56{col 18}        56
{col 1}{text}{hline 5}{c BT}{hline 11}{hline 11}
{res}{txt}
{com}. ** static2
. use "`datapath'\dataset03_static2.dta", clear
{txt}(Sickle Cell Disease: Participant Information- File 2)

{com}. distinct pid // there are 29 participants, 1 row per participant

{res}{col 1}{text}{hline 5}{c TT}{hline 11}{hline 11}
{col 1}{text}    {col 6}{c |}     total{col 18}  distinct
{res}{col 1}{text}{hline 5}{c +}{hline 11}{hline 11}
{col 1}{text} pid{col 6}{c |}{result}        29{col 18}        29
{col 1}{text}{hline 5}{c BT}{hline 11}{hline 11}
{res}{txt}
{com}. ** static3
. use "`datapath'\dataset03_static3.dta", clear
{txt}(Sickle Cell Disease: Participant Information- File 3)

{com}. distinct pid // there are 17 participants, 1 row per participant

{res}{col 1}{text}{hline 5}{c TT}{hline 11}{hline 11}
{col 1}{text}    {col 6}{c |}     total{col 18}  distinct
{res}{col 1}{text}{hline 5}{c +}{hline 11}{hline 11}
{col 1}{text} pid{col 6}{c |}{result}        17{col 18}        17
{col 1}{text}{hline 5}{c BT}{hline 11}{hline 11}
{res}{txt}
{com}. ** haematological info
. use "`datapath'\dataset03_haem.dta", clear
{txt}(Sickle Cell Disease: Haematology)

{com}. distinct pid // there are 177 participants, with multiple rows per participant (7092 in total)

{res}{col 1}{text}{hline 5}{c TT}{hline 11}{hline 11}
{col 1}{text}    {col 6}{c |}     total{col 18}  distinct
{res}{col 1}{text}{hline 5}{c +}{hline 11}{hline 11}
{col 1}{text} pid{col 6}{c |}{result}      7092{col 18}       177
{col 1}{text}{hline 5}{c BT}{hline 11}{hline 11}
{res}{txt}
{com}. ** clinical info
. use "`datapath'\dataset03_clin.dta", clear
{txt}(Sickle Cell Disease: Clincial Events)

{com}. distinct pid // there are 111 participants, with multiple rows per participant (4495 in total)

{res}{col 1}{text}{hline 5}{c TT}{hline 11}{hline 11}
{col 1}{text}    {col 6}{c |}     total{col 18}  distinct
{res}{col 1}{text}{hline 5}{c +}{hline 11}{hline 11}
{col 1}{text} pid{col 6}{c |}{result}      4495{col 18}       111
{col 1}{text}{hline 5}{c BT}{hline 11}{hline 11}
{res}{txt}
{com}. 
. ** -----------------------------------------------------------------------------
. ** CH notes: I want to end up with a dataset with 1 row per participant per
. ** time point. The static datasets contain different participants, so should be
. ** appended. The clin and haem datasets contain information on the participants
. ** in the static dataset, and will overlap in terms of participants and some visit dates.
. ** -----------------------------------------------------------------------------
. tempfile allstatic_CH static_clin static_haem
{txt}
{com}. 
. ** STEP 1: COMBINE STATIC DATASETS
. ** These datasets contain different participants, so should be appended
. use "`datapath'\dataset03_static1.dta", clear
{txt}(Sickle Cell Disease: Participant Information - File 1)

{com}. append using "`datapath'\dataset03_static2.dta" "`datapath'\dataset03_static3.dta"
{txt}(label sl already defined)
(label sexl already defined)
(label geno_ already defined)
(label athal already defined)
(label geno_ already defined)
(label sexl already defined)
(label sl already defined)

{com}. save `allstatic_CH', replace
{txt}(note: file C:\Users\CHRIST~1\AppData\Local\Temp\ST_f2c3c_000001.tmp not found)
file C:\Users\CHRIST~1\AppData\Local\Temp\ST_f2c3c_000001.tmp saved

{com}. 
. 
. **STEP 2: COMBINE STATIC AND HAEMATOLOGICAL DATASETS
. *merge static dataset with haematological dataset
. use `allstatic_CH', clear
{txt}(Sickle Cell Disease: Participant Information - File 1)

{com}. merge 1:m pid using "`datapath'\dataset03_haem.dta"
{res}
{txt}{col 5}Result{col 38}# of obs.
{col 5}{hline 41}
{col 5}not matched{col 30}{res}           3,259
{txt}{col 9}from master{col 30}{res}               0{txt}  (_merge==1)
{col 9}from using{col 30}{res}           3,259{txt}  (_merge==2)

{col 5}matched{col 30}{res}           3,833{txt}  (_merge==3)
{col 5}{hline 41}

{com}. /*
> Result                           # of obs.
>    -----------------------------------------
>    not matched                         3,259
>        from master                         0  (_merge==1)
>        from using                      3,259  (_merge==2)
> 
>    matched                             3,833  (_merge==3)
>    -----------------------------------------
> */
. 
. *look at characteristics of participants that exist in the haematological dataset but not static
. distinct pid if _merge==2 // 75 participants (3259 observations). Dropping these ones on the assumption that if they were not in the static dataset,

{res}{col 1}{text}{hline 5}{c TT}{hline 11}{hline 11}
{col 1}{text}    {col 6}{c |}     total{col 18}  distinct
{res}{col 1}{text}{hline 5}{c +}{hline 11}{hline 11}
{col 1}{text} pid{col 6}{c |}{result}      3259{col 18}        75
{col 1}{text}{hline 5}{c BT}{hline 11}{hline 11}
{res}{txt}
{com}.                          // they aren't part of the cohort. Although that seems weird so should probably check that assumption.
. drop if _merge==2
{txt}(3,259 observations deleted)

{com}. rename _merge merge_stathaem
{res}{txt}
{com}. 
. save `static_haem', replace
{txt}(note: file C:\Users\CHRIST~1\AppData\Local\Temp\ST_f2c3c_000003.tmp not found)
file C:\Users\CHRIST~1\AppData\Local\Temp\ST_f2c3c_000003.tmp saved

{com}. 
. * STEP 3: COMBINE STATIC AND CLINICAL DATASETS
. ** the clinical dataset contain information on the participants already in the static dataset, so should be merged
. use `allstatic_CH', clear
{txt}(Sickle Cell Disease: Participant Information - File 1)

{com}. merge 1:m pid using "`datapath'\dataset03_clin.dta"
{res}
{txt}{col 5}Result{col 38}# of obs.
{col 5}{hline 41}
{col 5}not matched{col 30}{res}           2,358
{txt}{col 9}from master{col 30}{res}              49{txt}  (_merge==1)
{col 9}from using{col 30}{res}           2,309{txt}  (_merge==2)

{col 5}matched{col 30}{res}           2,186{txt}  (_merge==3)
{col 5}{hline 41}

{com}. 
. /* merge results as follows:
> 
>     Result                           # of obs.
>     -----------------------------------------
>     not matched                         2,358
>         from master                        49  (_merge==1)
>         from using                      2,309  (_merge==2)
> 
>     matched                             2,186  (_merge==3)
>     -----------------------------------------  */
. 
. *Look at characteristics of 49 participants that exist in static dataset but not clinical
. list pid geno status if _merge==1 // they are all genotype aa (controls),so won't have had a clinic visit. Can be dropped from this dataset.
{txt}
      {c TLC}{hline 6}{c -}{hline 6}{c -}{hline 10}{c TRC}
      {c |} {res} pid   geno     status {txt}{c |}
      {c LT}{hline 6}{c -}{hline 6}{c -}{hline 10}{c RT}
   1. {c |} {res}   9     aa      alive {txt}{c |}
   5. {c |} {res} 152     aa      alive {txt}{c |}
   7. {c |} {res} 178     aa      alive {txt}{c |}
  11. {c |} {res} 320     aa   emigrate {txt}{c |}
  12. {c |} {res} 339     aa      alive {txt}{c |}
      {c LT}{hline 6}{c -}{hline 6}{c -}{hline 10}{c RT}
  14. {c |} {res} 364     aa       dead {txt}{c |}
  15. {c |} {res} 377     aa      alive {txt}{c |}
  16. {c |} {res} 402     aa      alive {txt}{c |}
  20. {c |} {res} 459     aa      alive {txt}{c |}
  22. {c |} {res} 497     aa      alive {txt}{c |}
      {c LT}{hline 6}{c -}{hline 6}{c -}{hline 10}{c RT}
  24. {c |} {res} 540     aa      alive {txt}{c |}
  25. {c |} {res} 575     aa      alive {txt}{c |}
  28. {c |} {res} 622     aa   emigrate {txt}{c |}
  35. {c |} {res} 804     aa   emigrate {txt}{c |}
  37. {c |} {res} 823     aa      alive {txt}{c |}
      {c LT}{hline 6}{c -}{hline 6}{c -}{hline 10}{c RT}
  38. {c |} {res} 840     aa      alive {txt}{c |}
  39. {c |} {res} 841     aa      alive {txt}{c |}
  40. {c |} {res} 843     aa      alive {txt}{c |}
  41. {c |} {res} 986     aa      alive {txt}{c |}
  42. {c |} {res} 992     aa      alive {txt}{c |}
      {c LT}{hline 6}{c -}{hline 6}{c -}{hline 10}{c RT}
  46. {c |} {res}1116     aa   emigrate {txt}{c |}
  47. {c |} {res}1121     aa      alive {txt}{c |}
  49. {c |} {res}1181     aa      alive {txt}{c |}
  50. {c |} {res}1240     aa      alive {txt}{c |}
  51. {c |} {res}1287     aa      alive {txt}{c |}
      {c LT}{hline 6}{c -}{hline 6}{c -}{hline 10}{c RT}
  52. {c |} {res}1311     aa      alive {txt}{c |}
  53. {c |} {res}1385     aa      alive {txt}{c |}
  56. {c |} {res}1492     aa   emigrate {txt}{c |}
  60. {c |} {res}1635     aa      alive {txt}{c |}
  62. {c |} {res}1678     aa      alive {txt}{c |}
      {c LT}{hline 6}{c -}{hline 6}{c -}{hline 10}{c RT}
  63. {c |} {res}1681     aa   emigrate {txt}{c |}
  64. {c |} {res}1731     aa   emigrate {txt}{c |}
  69. {c |} {res}1824     aa   emigrate {txt}{c |}
  72. {c |} {res}1836     aa   emigrate {txt}{c |}
  73. {c |} {res}1838     aa      alive {txt}{c |}
      {c LT}{hline 6}{c -}{hline 6}{c -}{hline 10}{c RT}
  74. {c |} {res}1884     aa      alive {txt}{c |}
  76. {c |} {res}1993     aa   emigrate {txt}{c |}
  78. {c |} {res}2007     aa   emigrate {txt}{c |}
  79. {c |} {res}2018     aa   emigrate {txt}{c |}
  80. {c |} {res}2027     aa      alive {txt}{c |}
      {c LT}{hline 6}{c -}{hline 6}{c -}{hline 10}{c RT}
  82. {c |} {res}2069     aa      alive {txt}{c |}
  83. {c |} {res}2086     aa   emigrate {txt}{c |}
  88. {c |} {res}2289     aa      alive {txt}{c |}
  92. {c |} {res}2393     aa      alive {txt}{c |}
  93. {c |} {res}2432     aa      alive {txt}{c |}
      {c LT}{hline 6}{c -}{hline 6}{c -}{hline 10}{c RT}
  96. {c |} {res}2522     aa      alive {txt}{c |}
  97. {c |} {res}2575     aa      alive {txt}{c |}
 100. {c |} {res}2648     aa      alive {txt}{c |}
 101. {c |} {res}2650     aa      alive {txt}{c |}
      {c BLC}{hline 6}{c -}{hline 6}{c -}{hline 10}{c BRC}

{com}. drop if _merge==1
{txt}(49 observations deleted)

{com}. *look at characteristics of participants that exist in the clinical dataset but not static
. distinct pid if _merge==2 // 58 participants (2309 observations). Using the same rationale as for previous merge, will drop these ones.

{res}{col 1}{text}{hline 5}{c TT}{hline 11}{hline 11}
{col 1}{text}    {col 6}{c |}     total{col 18}  distinct
{res}{col 1}{text}{hline 5}{c +}{hline 11}{hline 11}
{col 1}{text} pid{col 6}{c |}{result}      2309{col 18}        58
{col 1}{text}{hline 5}{c BT}{hline 11}{hline 11}
{res}{txt}
{com}. drop if _merge==2
{txt}(2,309 observations deleted)

{com}. 
. rename _merge merge_statclin
{res}{txt}
{com}. save `static_clin', replace
{txt}(note: file C:\Users\CHRIST~1\AppData\Local\Temp\ST_f2c3c_000002.tmp not found)
file C:\Users\CHRIST~1\AppData\Local\Temp\ST_f2c3c_000002.tmp saved

{com}. 
. * STEP 4: MERGE THE STATIC/HAEMATOLOGICAL AND STATIC/CLINICAL DATASETS
. merge m:m pid dov using `static_haem'
{res}{txt}(label athal already defined)
(label sl already defined)
(label sexl already defined)
(label geno_ already defined)
(label _merge already defined)

{col 5}Result{col 38}# of obs.
{col 5}{hline 41}
{col 5}not matched{col 30}{res}           3,195
{txt}{col 9}from master{col 30}{res}             774{txt}  (_merge==1)
{col 9}from using{col 30}{res}           2,421{txt}  (_merge==2)

{col 5}matched{col 30}{res}           1,412{txt}  (_merge==3)
{col 5}{hline 41}

{com}. rename _merge merge_all
{res}{txt}
{com}. sort pid dov
{txt}
{com}. order merge_stathaem merge_statclin, after(merge_all)
{txt}
{com}. 
. ** -----------------------------------------------------------------------------
. ** Q: Record the number of participants, and the number of observations
. ** -----------------------------------------------------------------------------
. distinct pid // there are 102 participants with 4607 observations

{res}{col 1}{text}{hline 5}{c TT}{hline 11}{hline 11}
{col 1}{text}    {col 6}{c |}     total{col 18}  distinct
{res}{col 1}{text}{hline 5}{c +}{hline 11}{hline 11}
{col 1}{text} pid{col 6}{c |}{result}      4607{col 18}       102
{col 1}{text}{hline 5}{c BT}{hline 11}{hline 11}
{res}{txt}
{com}. 
. ** -----------------------------------------------------------------------------
. ** Q: Record the average number of haematological measurements per participant
. ** -----------------------------------------------------------------------------
. * -----------------------------------------------------------------------------
. ** CH notes: I get that I should be using xt commands from here, but I am seriously
. ** confused, so doing it the long way.
. ** I tried the following:
. ** xtset pid dov
. ** Then tried to summarize the xtsum haemvis
. ** -----------------------------------------------------------------------------
. 
. * create a variable that describes the number of haematological measurements per visit
. gen hb_meas = 0
{txt}
{com}. replace hb_meas=1 if hb!=.
{txt}(3,810 real changes made)

{com}. gen hbf_meas = 0
{txt}
{com}. replace hbf_meas=1 if hbf !=.
{txt}(1,704 real changes made)

{com}. gen nbc_meas = 0
{txt}
{com}. replace nbc_meas=1 if hbf !=.
{txt}(1,704 real changes made)

{com}. egen haem_meas= rowtotal (hb_meas hbf_meas nbc_meas)
{txt}
{com}. 
. * -----------------------------------------------------------------------------
. ** CH notes: I get that I should be using xt commands from here, but could not get
. ** it to work.
. **-----------------------------------------------------------------------------
. /* I tried the following:
>    xtset pid dov
>    Then tried to summarize the number of haem measurements:
>    xtsum haem_meas
>    But that's not what I want. Help!
> */
. ** so continuing without xt....
. egen n_haemmeas = sum(haem_meas), by (pid)
{txt}
{com}. order hb_meas hbf_meas nbc_meas haem_meas n_haemmeas, after(pid)
{txt}
{com}. 
. * average measurements per person
. preserve
{txt}
{com}.   duplicates drop pid, force

{p 0 4}{txt}Duplicates in terms of {res} pid{p_end}

{txt}(4,505 observations deleted)

{com}.   tabstat n_haemmeas, stat(mean) // average number of measurements per person is 70.8

{txt}{ralign 12:variable} {...}
{c |}      mean
{hline 13}{c +}{hline 10}
{ralign 12:n_haemmeas} {...}
{c |}{...}
 {res} 70.76471
{txt}{hline 13}{c BT}{hline 10}

{com}. restore
{txt}
{com}. 
. ** -----------------------------------------------------------------------------
. ** Q: Record the average number of clinical visits per participant
. ** -----------------------------------------------------------------------------
. * create a variable that describes whether or not the visit was a clinical visit
. gen clinvis = 0
{txt}
{com}. replace clinvis=1 if tov!=.
{txt}(2,186 real changes made)

{com}. order clinvis, after (tov)
{txt}
{com}. codebook clinvis

{txt}{hline}
{res}clinvis{right:(unlabeled)}
{txt}{hline}

{col 19}type:  numeric ({res}float{txt})

{col 18}range:  [{res}0{txt},{res}1{txt}]{col 55}units:  {res}1
{col 10}{txt}unique values:  {res}2{col 51}{txt}missing .:  {res}0{txt}/{res}4,607

{txt}{col 13}tabulation:  Freq.  Value
{col 21}{res}     2,421{col 33}0
{col 21}     2,186{col 33}1
{txt}
{com}. 
. * create a variable that counts the clinical visits per participant
. egen n_clinvis = count(clinvis), by (pid)
{txt}
{com}. order n_clinvis, after(clinvis)
{txt}
{com}. 
. * average visits per person
. preserve
{txt}
{com}.   duplicates drop pid, force

{p 0 4}{txt}Duplicates in terms of {res} pid{p_end}

{txt}(4,505 observations deleted)

{com}.   tabstat n_clinvis, stat(mean) // average number of visits per participant is 45

{txt}{ralign 12:variable} {...}
{c |}      mean
{hline 13}{c +}{hline 10}
{ralign 12:n_clinvis} {...}
{c |}{...}
 {res} 45.16667
{txt}{hline 13}{c BT}{hline 10}

{com}. restore
{txt}
{com}. 
. ** -----------------------------------------------------------------------------
. ** INSTRUCTIONS
. ** 2. Among SS participants only:
. ** Report the average nucleated blood count (nbc) at steady state (clinical code y1),
. ** -----------------------------------------------------------------------------
. * Set data as longitudinal
. xtset pid dov
{res}{txt}{col 8}panel variable:  {res}pid (unbalanced)
{txt}{col 9}time variable:  {res}{col 25}dov, 17 Sep 1922 to 03 Jan 2000, but with gaps
{txt}{col 17}delta:  {res}1 day
{txt}
{com}. xtsum nbc if c==481 & geno==1  // mean nbc is 14.7

{txt}Variable         {c |}      Mean   Std. Dev.       Min        Max {c |}    Observations
{hline 17}{c +}{hline 44}{c +}{hline 16}
nbc{col 10}overall {c |} {res} 14.69841   5.283968          4         63{txt} {c |}{col 69}N =    1323
{col 10}between {c |}{col 31}{res} 3.425388        7.5   27.33333{txt} {c |}{col 69}n =      53
{col 10}within  {c |}{col 31}{res} 4.642799  -1.634921   63.03175{txt} {c |} T-bar = 24.9623

{com}. sum nbc if c==481 & geno==1

{txt}    Variable {c |}        Obs        Mean    Std. Dev.       Min        Max
{hline 13}{c +}{hline 57}
{space 9}nbc {c |}{res}      1,323    14.69841    5.283968          4         63
{txt}
{com}. 
. ** -----------------------------------------------------------------------------
. ** Report the average nucleated blood count (nbc) during the acute chest syndrome (clinical code r5)
. ** -----------------------------------------------------------------------------
. xtsum nbc if c==345 & geno==1 // mean nbc is 29.6

{txt}Variable         {c |}      Mean   Std. Dev.       Min        Max {c |}    Observations
{hline 17}{c +}{hline 44}{c +}{hline 16}
nbc{col 10}overall {c |} {res}  29.6125   11.32656          7         61{txt} {c |}{col 69}N =      80
{col 10}between {c |}{col 31}{res} 10.63456         11         61{txt} {c |}{col 69}n =      26
{col 10}within  {c |}{col 31}{res} 8.025089     9.6125   54.18393{txt} {c |}     T = 3.07692

{com}. 
. ** -----------------------------------------------------------------------------
. **Compare nbc at steady state with nbc during the acute chest syndrome
. ** -----------------------------------------------------------------------------
. recode c 481=0 345=1
{txt}(c: 2186 changes made)

{com}. xtreg nbc c if geno==1
{res}
{txt}Random-effects GLS regression                   Number of obs     = {res}     1,403
{txt}Group variable: {res}pid                             {txt}Number of groups  = {res}        53

{txt}R-sq:                                           Obs per group:
     within  = {res}0.2507                                         {txt}min = {res}         2
{txt}     between = {res}0.4045                                         {txt}avg = {res}      26.5
{txt}     overall = {res}0.2629                                         {txt}max = {res}        55

                                                {txt}Wald chi2({res}1{txt})      =  {res}   472.49
{txt}corr(u_i, X)   = {res}0{txt} (assumed)                    Prob > chi2       =     {res}0.0000

{txt}{hline 13}{c TT}{hline 11}{hline 11}{hline 9}{hline 8}{hline 13}{hline 12}
{col 1}         nbc{col 14}{c |}      Coef.{col 26}   Std. Err.{col 38}      z{col 46}   P>|z|{col 54}     [95% Con{col 67}f. Interval]
{hline 13}{c +}{hline 11}{hline 11}{hline 9}{hline 8}{hline 13}{hline 12}
{space 11}c {c |}{col 14}{res}{space 2} 13.83134{col 26}{space 2} .6363104{col 37}{space 1}   21.74{col 46}{space 3}0.000{col 54}{space 4} 12.58419{col 67}{space 3} 15.07849
{txt}{space 7}_cons {c |}{col 14}{res}{space 2} 14.45556{col 26}{space 2} .3909804{col 37}{space 1}   36.97{col 46}{space 3}0.000{col 54}{space 4} 13.68926{col 67}{space 3} 15.22187
{txt}{hline 13}{c +}{hline 11}{hline 11}{hline 9}{hline 8}{hline 13}{hline 12}
     sigma_u {c |} {res} 2.5208214
     {txt}sigma_e {c |} {res} 5.2879501
         {txt}rho {c |} {res} .18517203{txt}   (fraction of variance due to u_i)
{hline 13}{c BT}{hline 64}

{com}. xtreg nbc c agey sex if geno==1
{res}
{txt}Random-effects GLS regression                   Number of obs     = {res}     1,403
{txt}Group variable: {res}pid                             {txt}Number of groups  = {res}        53

{txt}R-sq:                                           Obs per group:
     within  = {res}0.2840                                         {txt}min = {res}         2
{txt}     between = {res}0.1915                                         {txt}avg = {res}      26.5
{txt}     overall = {res}0.2759                                         {txt}max = {res}        55

                                                {txt}Wald chi2({res}3{txt})      =  {res}   545.23
{txt}corr(u_i, X)   = {res}0{txt} (assumed)                    Prob > chi2       =     {res}0.0000

{txt}{hline 13}{c TT}{hline 11}{hline 11}{hline 9}{hline 8}{hline 13}{hline 12}
{col 1}         nbc{col 14}{c |}      Coef.{col 26}   Std. Err.{col 38}      z{col 46}   P>|z|{col 54}     [95% Con{col 67}f. Interval]
{hline 13}{c +}{hline 11}{hline 11}{hline 9}{hline 8}{hline 13}{hline 12}
{space 11}c {c |}{col 14}{res}{space 2} 13.45038{col 26}{space 2} .6271428{col 37}{space 1}   21.45{col 46}{space 3}0.000{col 54}{space 4}  12.2212{col 67}{space 3} 14.67956
{txt}{space 8}agey {c |}{col 14}{res}{space 2}-.1608529{col 26}{space 2} .0217284{col 37}{space 1}   -7.40{col 46}{space 3}0.000{col 54}{space 4}-.2034399{col 67}{space 3} -.118266
{txt}{space 9}sex {c |}{col 14}{res}{space 2}-.2707949{col 26}{space 2}  .755023{col 37}{space 1}   -0.36{col 46}{space 3}0.720{col 54}{space 4}-1.750613{col 67}{space 3} 1.209023
{txt}{space 7}_cons {c |}{col 14}{res}{space 2} 15.86088{col 26}{space 2} .5590886{col 37}{space 1}   28.37{col 46}{space 3}0.000{col 54}{space 4} 14.76509{col 67}{space 3} 16.95667
{txt}{hline 13}{c +}{hline 11}{hline 11}{hline 9}{hline 8}{hline 13}{hline 12}
     sigma_u {c |} {res}  2.420025
     {txt}sigma_e {c |} {res} 5.1699429
         {txt}rho {c |} {res} .17973151{txt}   (fraction of variance due to u_i)
{hline 13}{c BT}{hline 64}

{com}. ** Interpretation: after controlling for age and sex, nbc is on average 13.4 (units?) (95%CI: 12.2, 14.7) higher in those with SCD during acute chest syndrome
. ** vs steady state.
. 
{txt}end of do-file

{com}. 